<html>
<body>
<pre>
<h1>µVision Build Log</h1>
<h2>Project:</h2>
C:\Users\Abraham Gonzalez\Documents\EE445L\Lab 1\ST7735.uvproj
Project File Date:  08/26/2016

<h2>Output:</h2>
Rebuild target 'Lab1'
assembling startup.s...
compiling ST7735.c...
compiling fixed.c...
fixed.c(15): warning:  #2748-D: null argument provided for parameter marked with attribute "nonnull"
                fputc(' ', 0); 
fixed.c(16): warning:  #2748-D: null argument provided for parameter marked with attribute "nonnull"
                fputc('*', 0); 
fixed.c(17): warning:  #2748-D: null argument provided for parameter marked with attribute "nonnull"
                fputc('.', 0); 
fixed.c(18): warning:  #2748-D: null argument provided for parameter marked with attribute "nonnull"
                fputc('*', 0); 
fixed.c(19): warning:  #2748-D: null argument provided for parameter marked with attribute "nonnull"
                fputc('*', 0);
fixed.c(20): warning:  #2748-D: null argument provided for parameter marked with attribute "nonnull"
                fputc('*', 0); 
fixed.c(25): warning:  #2748-D: null argument provided for parameter marked with attribute "nonnull"
                        fputc('-', 0); 
fixed.c(28): warning:  #2748-D: null argument provided for parameter marked with attribute "nonnull"
                        fputc(' ', 0);
fixed.c(34): warning:  #2748-D: null argument provided for parameter marked with attribute "nonnull"
                                fputc('.', 0); 
fixed.c(38): warning:  #2748-D: null argument provided for parameter marked with attribute "nonnull"
                        fputc(outputChar, 0); 
fixed.c(52): warning:  #2748-D: null argument provided for parameter marked with attribute "nonnull"
                fputc('*', 0); 
fixed.c(53): warning:  #2748-D: null argument provided for parameter marked with attribute "nonnull"
                fputc('*', 0); 
fixed.c(54): warning:  #2748-D: null argument provided for parameter marked with attribute "nonnull"
                fputc('*', 0); 
fixed.c(55): warning:  #2748-D: null argument provided for parameter marked with attribute "nonnull"
                fputc('.', 0); 
fixed.c(56): warning:  #2748-D: null argument provided for parameter marked with attribute "nonnull"
                fputc('*', 0);
fixed.c(57): warning:  #2748-D: null argument provided for parameter marked with attribute "nonnull"
                fputc('*', 0);
fixed.c(65): warning:  #2748-D: null argument provided for parameter marked with attribute "nonnull"
                        fputc( '.' , 0 );
fixed.c(69): warning:  #2748-D: null argument provided for parameter marked with attribute "nonnull"
                        fputc( ' ' , 0 );
fixed.c(76): warning:  #2748-D: null argument provided for parameter marked with attribute "nonnull"
                        fputc(outputChar, 0); 
fixed.c: 19 warnings, 0 errors
compiling Lab1.c...
compiling PLL.c...
linking...
Program Size: Code=4204 RO-data=4324 RW-data=48 ZI-data=1024  
".\Lab1.axf" - 0 Error(s), 19 Warning(s).
 to list image symbols.
Not enough information to list the image map.
Finished: 2 information, 0 warning and 1 error messages.
".\Lab1.axf" - 1 Error(s), 19 Warning(s).
Target not created
d
    fputc('*', 0); 
fixed.c(47): error:  #140: too many arguments in function call
                fputc('*', 0); 
fixed.c(48): error:  #167: argument of type "int" is incompatible with parameter of type "int *"
                fputc('*', 0); 
fixed.c(48): error:  #140: too many arguments in function call
                fputc('*', 0); 
fixed.c(49): error:  #167: argument of type "int" is incompatible with parameter of type "int *"
                fputc('.', 0); 
fixed.c: 0 warnings, 30 errors
compiling Lab1.c...
fixed.h(26): error:  #18: expected a ")"
  void ST7735_sDecOut3(int32_t n);
fixed.h(9): error:  #147-D: declaration is incompatible with "int fputc(int, FILE *)" (declared at line 609 of "C:\Keil\ARM\ARMCC\bin\..\include\stdio.h")
  int fputc( int * 
Lab1.c(106): warning:  #223-D: function "ST7735_sDecOut3" declared implicitly
        ST7735_sDecOut3(outTests1[i].InNumber);  // your solution
Lab1.c: 1 warning, 2 errors
compiling PLL.c...
".\Lab1.axf" - 32 Error(s), 1 Warning(s).
Target not created
pression has no effect
ST7735.c(229): warning:  #174-D: expression has no effect
ST7735.c(229): warning:  #174-D: expression has no effect
ST7735.c(229): warning:  #174-D: expression has no effect
ST7735.c(229): warning:  #174-D: expression has no effect
ST7735.c(229): warning:  #174-D: expression has no effect
ST7735.c(229): warning:  #174-D: expression has no effect
ST7735.c(229): warning:  #174-D: expression has no effect
ST7735.c(229): warning:  #174-D: expression has no effect
ST7735.c(229): warning:  #174-D: expression has no effect
ST7735.c(229): warning:  #174-D: expression has no effect
ST7735.c(229): warning:  #174-D: expression has no effect
ST7735.c(229): warning:  #174-D: expression has no effect
ST7735.c(229): warning:  #174-D: expression has no effect
ST7735.c(229): warning:  #174-D: expression has no effect
ST7735.c(229): warning:  #174-D: expression has no effect
ST7735.c(229): warning:  #174-D: expression has no effect
ST7735.c(229): warning:  #174-D: expression has no effect
ST7735.c(229): warning:  #174-D: expression has no effect
ST7735.c(229): warning:  #174-D: expression has no effect
ST7735.c(229): warning:  #174-D: expression has no effect
ST7735.c(229): warning:  #174-D: expression has no effect
ST7735.c(229): warning:  #174-D: expression has no effect
ST7735.c(229): warning:  #174-D: expression has no effect
ST7735.c(229): warning:  #174-D: expression has no effect
ST7735.c(229): warning:  #174-D: expression has no effect
ST7735.c(229): warning:  #174-D: expression has no effect
ST7735.c(229): warning:  #174-D: expression has no effect
ST7735.c(229): warning:  #174-D: expression has no effect
ST7735.c(229): warning:  #174-D: expression has no effect
ST7735.c(229): warning:  #174-D: expression has no effect
ST7735.c(229): warning:  #174-D: expression has no effect
ST7735.c(229): warning:  #174-D: expression has no effect
ST7735.c(229): warning:  #174-D: expression has no effect
ST7735.c(229): warning:  #174-D: expression has no effect
ST7735.c(229): warning:  #174-D: expression has no effect
ST7735.c(229): warning:  #174-D: expression has no effect
ST7735.c(229): warning:  #174-D: expression has no effect
ST7735.c(229): warning:  #174-D: expression has no effect
ST7735.c(229): warning:  #174-D: expression has no effect
ST7735.c(229): warning:  #174-D: expression has no effect
ST7735.c(229): warning:  #174-D: expression has no effect
ST7735.c(229): warning:  #174-D: expression has no effect
ST7735.c(229): warning:  #174-D: expression has no effect
ST7735.c(229): warning:  #174-D: expression has no effect
ST7735.c(229): warning:  #174-D: expression has no effect
ST7735.c(229): warning:  #174-D: expression has no effect
ST7735.c(229): warning:  #174-D: expression has no effect
ST7735.c(229): warning:  #174-D: expression has no effect
ST7735.c(229): warning:  #174-D: expression has no effect
ST7735.c(229): warning:  #174-D: expression has no effect
ST7735.c(229): warning:  #174-D: expression has no effect
ST7735.c(229): warning:  #174-D: expression has no effect
ST7735.c(229): warning:  #174-D: expression has no effect
ST7735.c(229): warning:  #174-D: expression has no effect
ST7735.c(229): warning:  #174-D: expression has no effect
ST7735.c(229): warning:  #174-D: expression has no effect
ST7735.c(229): warning:  #174-D: expression has no effect
ST7735.c(229): warning:  #174-D: expression has no effect
ST7735.c(229): warning:  #174-D: expression has no effect
ST7735.c(229): warning:  #174-D: expression has no effect
ST7735.c(229): warning:  #174-D: expression has no effect
ST7735.c(229): warning:  #174-D: expression has no effect
ST7735.c(229): warning:  #174-D: expression has no effect
ST7735.c(229): warning:  #174-D: expression has no effect
ST7735.c(229): warning:  #174-D: expression has no effect
ST7735.c(229): warning:  #174-D: expression has no effect
ST7735.c(229): warning:  #174-D: expression has no effect
ST7735.c(229): warning:  #174-D: expression has no effect
ST7735.c(229): warning:  #174-D: expression has no effect
ST7735.c(229): warning:  #174-D: expression has no effect
ST7735.c(229): warning:  #174-D: expression has no effect
ST7735.c(229): warning:  #174-D: expression has no effect
ST7735.c(229): warning:  #174-D: expression has no effect
ST7735.c(229): warning:  #174-D: expression has no effect
ST7735.c(229): warning:  #174-D: expression has no effect
ST7735.c(229): warning:  #174-D: expression has no effect
ST7735.c(229): warning:  #174-D: expression has no effect
ST7735.c(229): warning:  #174-D: expression has no effect
ST7735.c(229): warning:  #174-D: expression has no effect
ST7735.c(229): warning:  #174-D: expression has no effect
ST7735.c(229): warning:  #174-D: expression has no effect
ST7735.c(229): warning:  #174-D: expression has no effect
ST7735.c(229): warning:  #174-D: expression has no effect
ST7735.c(229): warning:  #174-D: expression has no effect
ST7735.c(229): warning:  #174-D: expression has no effect
ST7735.c(229): warning:  #174-D: expression has no effect
ST7735.c(229): warning:  #174-D: expression has no effect
ST7735.c(229): warning:  #174-D: expression has no effect
ST7735.c(229): warning:  #174-D: expression has no effect
ST7735.c(229): warning:  #174-D: expression has no effect
ST7735.c(229): warning:  #174-D: expression has no effect
ST7735.c(229): warning:  #174-D: expression has no effect
ST7735.c(229): warning:  #174-D: expression has no effect
ST7735.c(229): warning:  #174-D: expression has no effect
ST7735.c(229): warning:  #174-D: expression has no effect
ST7735.c(229): warning:  #174-D: expression has no effect
ST7735.c(229): warning:  #174-D: expression has no effect
ST7735.c(229): warning:  #174-D: expression has no effect
ST7735.c(229): warning:  #174-D: expression has no effect
ST7735.c(229): warning:  #174-D: expression has no effect
ST7735.c(229): warning:  #174-D: expression has no effect
ST7735.c(229): warning:  #174-D: expression has no effect
ST7735.c(229): warning:  #174-D: expression has no effect
ST7735.c(229): warning:  #174-D: expression has no effect
ST7735.c(229): warning:  #174-D: expression has no effect
ST7735.c(229): warning:  #174-D: expression has no effect
ST7735.c(229): warning:  #174-D: expression has no effect
ST7735.c(229): warning:  #174-D: expression has no effect
ST7735.c(229): warning:  #174-D: expression has no effect
ST7735.c(229): warning:  #174-D: expression has no effect
ST7735.c(229): warning:  #174-D: expression has no effect
ST7735.c(229): warning:  #174-D: expression has no effect
ST7735.c(229): warning:  #174-D: expression has no effect
ST7735.c(229): warning:  #174-D: expression has no effect
ST7735.c(229): warning:  #174-D: expression has no effect
ST7735.c(229): warning:  #174-D: expression has no effect
ST7735.c(229): warning:  #174-D: expression has no effect
ST7735.c(229): warning:  #174-D: expression has no effect
ST7735.c(229): warning:  #174-D: expression has no effect
ST7735.c(229): warning:  #174-D: expression has no effect
ST7735.c(229): warning:  #174-D: expression has no effect
ST7735.c(229): warning:  #174-D: expression has no effect
ST7735.c(229): warning:  #174-D: expression has no effect
ST7735.c(229): warning:  #174-D: expression has no effect
ST7735.c(229): warning:  #174-D: expression has no effect
ST7735.c(229): warning:  #174-D: expression has no effect
ST7735.c(229): warning:  #174-D: expression has no effect
ST7735.c(229): warning:  #174-D: expression has no effect
ST7735.c(229): warning:  #174-D: expression has no effect
ST7735.c(229): warning:  #174-D: expression has no effect
ST7735.c(229): warning:  #174-D: expression has no effect
ST7735.c(229): warning:  #174-D: expression has no effect
ST7735.c(229): warning:  #174-D: expression has no effect
ST7735.c(229): warning:  #174-D: expression has no effect
ST7735.c(229): warning:  #174-D: expression has no effect
ST7735.c(229): warning:  #174-D: expression has no effect
ST7735.c(229): warning:  #174-D: expression has no effect
ST7735.c(229): warning:  #174-D: expression has no effect
ST7735.c(229): warning:  #174-D: expression has no effect
ST7735.c(229): warning:  #174-D: expression has no effect
ST7735.c(229): warning:  #174-D: expression has no effect
ST7735.c(229): warning:  #174-D: expression has no effect
ST7735.c(229): warning:  #174-D: expression has no effect
ST7735.c(229): warning:  #174-D: expression has no effect
ST7735.c(229): warning:  #174-D: expression has no effect
ST7735.c(229): warning:  #174-D: expression has no effect
ST7735.c(229): warning:  #174-D: expression has no effect
ST7735.c(229): warning:  #174-D: expression has no effect
ST7735.c(229): warning:  #174-D: expression has no effect
ST7735.c(229): warning:  #174-D: expression has no effect
ST7735.c(229): warning:  #174-D: expression has no effect
ST7735.c(229): warning:  #174-D: expression has no effect
ST7735.c(229): warning:  #174-D: expression has no effect
ST7735.c(229): warning:  #174-D: expression has no effect
ST7735.c(229): warning:  #174-D: expression has no effect
ST7735.c(229): warning:  #174-D: expression has no effect
ST7735.c(229): warning:  #174-D: expression has no effect
ST7735.c(229): warning:  #174-D: expression has no effect
ST7735.c(229): warning:  #174-D: expression has no effect
ST7735.c(229): warning:  #174-D: expression has no effect
ST7735.c(229): warning:  #174-D: expression has no effect
ST7735.c(229): warning:  #174-D: expression has no effect
ST7735.c(229): warning:  #174-D: expression has no effect
ST7735.c(229): warning:  #174-D: expression has no effect
ST7735.c(229): warning:  #174-D: expression has no effect
ST7735.c(229): warning:  #174-D: expression has no effect
ST7735.c(229): warning:  #174-D: expression has no effect
ST7735.c(229): warning:  #174-D: expression has no effect
ST7735.c(229): warning:  #174-D: expression has no effect
ST7735.c(229): warning:  #174-D: expression has no effect
ST7735.c(229): warning:  #174-D: expression has no effect
ST7735.c(229): warning:  #174-D: expression has no effect
ST7735.c(229): warning:  #174-D: expression has no effect
ST7735.c(229): warning:  #174-D: expression has no effect
ST7735.c(229): warning:  #174-D: expression has no effect
ST7735.c(229): warning:  #174-D: expression has no effect
ST7735.c(229): warning:  #174-D: expression has no effect
ST7735.c(229): warning:  #174-D: expression has no effect
ST7735.c(229): warning:  #174-D: expression has no effect
ST7735.c(229): warning:  #174-D: expression has no effect
ST7735.c(229): warning:  #174-D: expression has no effect
ST7735.c(229): warning:  #174-D: expression has no effect
ST7735.c(229): warning:  #174-D: expression has no effect
ST7735.c(229): warning:  #174-D: expression has no effect
ST7735.c(229): warning:  #174-D: expression has no effect
ST7735.c(229): warning:  #174-D: expression has no effect
ST7735.c(229): warning:  #174-D: expression has no effect
ST7735.c(229): warning:  #174-D: expression has no effect
ST7735.c(229): warning:  #174-D: expression has no effect
ST7735.c(229): warning:  #174-D: expression has no effect
ST7735.c(229): warning:  #174-D: expression has no effect
ST7735.c(229): warning:  #174-D: expression has no effect
ST7735.c(229): warning:  #174-D: expression has no effect
ST7735.c(229): warning:  #174-D: expression has no effect
ST7735.c(229): warning:  #174-D: expression has no effect
ST7735.c(229): warning:  #174-D: expression has no effect
ST7735.c(229): warning:  #174-D: expression has no effect
ST7735.c(229): warning:  #174-D: expression has no effect
ST7735.c(229): warning:  #174-D: expression has no effect
ST7735.c(229): warning:  #174-D: expression has no effect
ST7735.c(229): warning:  #174-D: expression has no effect
ST7735.c(229): warning:  #174-D: expression has no effect
ST7735.c(229): warning:  #174-D: expression has no effect
ST7735.c(229): warning:  #174-D: expression has no effect
ST7735.c(229): warning:  #174-D: expression has no effect
ST7735.c(229): warning:  #174-D: expression has no effect
ST7735.c(229): warning:  #174-D: expression has no effect
ST7735.c(229): warning:  #174-D: expression has no effect
ST7735.c(229): warning:  #174-D: expression has no effect
ST7735.c(229): warning:  #174-D: expression has no effect
ST7735.c(229): warning:  #174-D: expression has no effect
ST7735.c(229): warning:  #174-D: expression has no effect
ST7735.c(229): warning:  #174-D: expression has no effect
ST7735.c(229): warning:  #174-D: expression has no effect
ST7735.c(229): warning:  #174-D: expression has no effect
ST7735.c(229): warning:  #174-D: expression has no effect
ST7735.c(229): warning:  #174-D: expression has no effect
ST7735.c(229): warning:  #174-D: expression has no effect
ST7735.c(229): warning:  #174-D: expression has no effect
ST7735.c(229): warning:  #174-D: expression has no effect
ST7735.c(229): warning:  #174-D: expression has no effect
ST7735.c(229): warning:  #174-D: expression has no effect
ST7735.c(229): warning:  #174-D: expression has no effect
ST7735.c(229): warning:  #174-D: expression has no effect
ST7735.c(229): warning:  #174-D: expression has no effect
ST7735.c(229): warning:  #174-D: expression has no effect
ST7735.c(229): warning:  #174-D: expression has no effect
ST7735.c(229): warning:  #174-D: expression has no effect
ST7735.c(229): warning:  #174-D: expression has no effect
ST7735.c(229): warning:  #174-D: expression has no effect
ST7735.c(229): warning:  #174-D: expression has no effect
ST7735.c(229): warning:  #174-D: expression has no effect
ST7735.c(229): warning:  #174-D: expression has no effect
ST7735.c(229): warning:  #174-D: expression has no effect
ST7735.c(229): warning:  #174-D: expression has no effect
ST7735.c(229): warning:  #174-D: expression has no effect
ST7735.c(229): warning:  #174-D: expression has no effect
ST7735.c(229): warning:  #174-D: expression has no effect
ST7735.c(229): warning:  #174-D: expression has no effect
ST7735.c(229): warning:  #174-D: expression has no effect
ST7735.c(229): warning:  #174-D: expression has no effect
ST7735.c(229): warning:  #174-D: expression has no effect
ST7735.c(229): warning:  #174-D: expression has no effect
ST7735.c(229): warning:  #174-D: expression has no effect
ST7735.c(229): warning:  #174-D: expression has no effect
ST7735.c(229): warning:  #174-D: expression has no effect
ST7735.c(229): warning:  #174-D: expression has no effect
ST7735.c(229): warning:  #174-D: expression has no effect
ST7735.c(229): warning:  #174-D: expression has no effect
ST7735.c(229): warning:  #174-D: expression has no effect
ST7735.c(229): warning:  #174-D: expression has no effect
ST7735.c(229): warning:  #174-D: expression has no effect
ST7735.c(229): warning:  #174-D: expression has no effect
ST7735.c(229): warning:  #174-D: expression has no effect
ST7735.c(229): warning:  #174-D: expression has no effect
ST7735.c(229): warning:  #174-D: expression has no effect
ST7735.c(229): warning:  #174-D: expression has no effect
ST7735.c(229): warning:  #174-D: expression has no effect
ST7735.c(229): warning:  #174-D: expression has no effect
ST7735.c(229): warning:  #174-D: expression has no effect
ST7735.c(229): warning:  #174-D: expression has no effect
ST7735.c(229): warning:  #174-D: expression has no effect
ST7735.c(229): warning:  #174-D: expression has no effect
ST7735.c(229): warning:  #174-D: expression has no effect
ST7735.c(229): warning:  #174-D: expression has no effect
ST7735.c(229): warning:  #174-D: expression has no effect
ST7735.c(229): warning:  #174-D: expression has no effect
ST7735.c(229): warning:  #174-D: expression has no effect
ST7735.c(229): warning:  #174-D: expression has no effect
ST7735.c(229): warning:  #174-D: expression has no effect
ST7735.c(229): warning:  #174-D: expression has no effect
ST7735.c(229): warning:  #174-D: expression has no effect
ST7735.c(229): warning:  #174-D: expression has no effect
ST7735.c(229): warning:  #174-D: expression has no effect
ST7735.c(229): warning:  #174-D: expression has no effect
ST7735.c(229): warning:  #174-D: expression has no effect
ST7735.c(229): warning:  #174-D: expression has no effect
ST7735.c(229): warning:  #174-D: expression has no effect
ST7735.c(229): warning:  #174-D: expression has no effect
ST7735.c(229): warning:  #174-D: expression has no effect
ST7735.c(229): warning:  #174-D: expression has no effect
ST7735.c(229): warning:  #174-D: expression has no effect
ST7735.c(229): warning:  #174-D: expression has no effect
ST7735.c(229): warning:  #174-D: expression has no effect
ST7735.c(229): warning:  #174-D: expression has no effect
ST7735.c(229): warning:  #174-D: expression has no effect
ST7735.c(229): warning:  #174-D: expression has no effect
ST7735.c(229): warning:  #174-D: expression has no effect
ST7735.c(229): warning:  #174-D: expression has no effect
ST7735.c(229): warning:  #174-D: expression has no effect
ST7735.c(229): warning:  #174-D: expression has no effect
ST7735.c(229): warning:  #174-D: expression has no effect
ST7735.c(229): warning:  #174-D: expression has no effect
ST7735.c(229): warning:  #174-D: expression has no effect
ST7735.c(229): warning:  #174-D: expression has no effect
ST7735.c(229): warning:  #174-D: expression has no effect
ST7735.c(229): warning:  #174-D: expression has no effect
ST7735.c(229): warning:  #174-D: expression has no effect
ST7735.c(229): warning:  #174-D: expression has no effect
ST7735.c(229): warning:  #174-D: expression has no effect
ST7735.c(229): warning:  #174-D: expression has no effect
ST7735.c(229): warning:  #174-D: expression has no effect
ST7735.c(229): warning:  #174-D: expression has no effect
ST7735.c(229): warning:  #174-D: expression has no effect
ST7735.c(229): warning:  #174-D: expression has no effect
ST7735.c(229): warning:  #174-D: expression has no effect
ST7735.c(229): warning:  #174-D: expression has no effect
ST7735.c(229): warning:  #174-D: expression has no effect
ST7735.c(229): warning:  #174-D: expression has no effect
ST7735.c(229): warning:  #174-D: expression has no effect
ST7735.c(229): warning:  #174-D: expression has no effect
ST7735.c(229): warning:  #174-D: expression has no effect
ST7735.c(229): warning:  #174-D: expression has no effect
ST7735.c(229): warning:  #174-D: expression has no effect
ST7735.c(229): warning:  #174-D: expression has no effect
ST7735.c(229): warning:  #174-D: expression has no effect
ST7735.c(229): warning:  #174-D: expression has no effect
ST7735.c(229): warning:  #174-D: expression has no effect
ST7735.c(229): warning:  #174-D: expression has no effect
ST7735.c(229): warning:  #174-D: expression has no effect
ST7735.c(229): warning:  #174-D: expression has no effect
ST7735.c(229): warning:  #174-D: expression has no effect
ST7735.c(229): warning:  #174-D: expression has no effect
ST7735.c(229): warning:  #174-D: expression has no effect
ST7735.c(229): warning:  #174-D: expression has no effect
ST7735.c(229): warning:  #174-D: expression has no effect
ST7735.c(229): warning:  #174-D: expression has no effect
ST7735.c(229): warning:  #174-D: expression has no effect
ST7735.c(229): warning:  #174-D: expression has no effect
ST7735.c(229): warning:  #174-D: expression has no effect
ST7735.c(229): warning:  #174-D: expression has no effect
ST7735.c(229): warning:  #174-D: expression has no effect
ST7735.c(229): warning:  #174-D: expression has no effect
ST7735.c(229): warning:  #174-D: expression has no effect
ST7735.c(229): warning:  #174-D: expression has no effect
ST7735.c(229): warning:  #174-D: expression has no effect
ST7735.c(229): warning:  #174-D: expression has no effect
ST7735.c(229): warning:  #174-D: expression has no effect
ST7735.c(229): warning:  #174-D: expression has no effect
ST7735.c(229): warning:  #174-D: expression has no effect
ST7735.c(229): warning:  #174-D: expression has no effect
ST7735.c(229): warning:  #174-D: expression has no effect
ST7735.c(229): warning:  #174-D: expression has no effect
ST7735.c(229): warning:  #174-D: expression has no effect
ST7735.c(229): warning:  #174-D: expression has no effect
ST7735.c(229): warning:  #174-D: expression has no effect
ST7735.c(229): warning:  #174-D: expression has no effect
ST7735.c(229): warning:  #174-D: expression has no effect
ST7735.c(229): warning:  #174-D: expression has no effect
ST7735.c(229): warning:  #174-D: expression has no effect
ST7735.c(229): warning:  #174-D: expression has no effect
ST7735.c(229): warning:  #174-D: expression has no effect
ST7735.c(229): warning:  #174-D: expression has no effect
ST7735.c(229): warning:  #174-D: expression has no effect
ST7735.c(229): warning:  #174-D: expression has no effect
ST7735.c(229): warning:  #174-D: expression has no effect
ST7735.c(229): warning:  #174-D: expression has no effect
ST7735.c(229): warning:  #174-D: expression has no effect
ST7735.c(229): warning:  #174-D: expression has no effect
ST7735.c(229): warning:  #174-D: expression has no effect
ST7735.c(229): warning:  #174-D: expression has no effect
ST7735.c(229): warning:  #174-D: expression has no effect
ST7735.c(229): warning:  #174-D: expression has no effect
ST7735.c(229): warning:  #174-D: expression has no effect
ST7735.c(229): warning:  #174-D: expression has no effect
ST7735.c(229): warning:  #174-D: expression has no effect
ST7735.c(229): warning:  #174-D: expression has no effect
ST7735.c(229): warning:  #174-D: expression has no effect
ST7735.c(229): warning:  #174-D: expression has no effect
ST7735.c(229): warning:  #174-D: expression has no effect
ST7735.c(229): warning:  #174-D: expression has no effect
ST7735.c(229): warning:  #174-D: expression has no effect
ST7735.c(229): warning:  #174-D: expression has no effect
ST7735.c(229): warning:  #174-D: expression has no effect
ST7735.c(229): warning:  #174-D: expression has no effect
ST7735.c(229): warning:  #174-D: expression has no effect
ST7735.c(229): warning:  #174-D: expression has no effect
ST7735.c(229): warning:  #174-D: expression has no effect
ST7735.c(229): warning:  #174-D: expression has no effect
ST7735.c(229): warning:  #174-D: expression has no effect
ST7735.c(229): warning:  #174-D: expression has no effect
ST7735.c(229): warning:  #174-D: expression has no effect
ST7735.c(229): warning:  #174-D: expression has no effect
ST7735.c(229): warning:  #174-D: expression has no effect
ST7735.c(229): warning:  #174-D: expression has no effect
ST7735.c(229): warning:  #174-D: expression has no effect
ST7735.c(229): warning:  #174-D: expression has no effect
ST7735.c(229): warning:  #174-D: expression has no effect
ST7735.c(229): warning:  #174-D: expression has no effect
ST7735.c(229): warning:  #174-D: expression has no effect
ST7735.c(229): warning:  #174-D: expression has no effect
ST7735.c(229): warning:  #174-D: expression has no effect
ST7735.c(229): warning:  #174-D: expression has no effect
ST7735.c(229): warning:  #174-D: expression has no effect
ST7735.c(229): warning:  #174-D: expression has no effect
ST7735.c(229): warning:  #174-D: expression has no effect
ST7735.c(229): warning:  #174-D: expression has no effect
ST7735.c(229): warning:  #174-D: expression has no effect
ST7735.c(229): warning:  #174-D: expression has no effect
ST7735.c(229): warning:  #174-D: expression has no effect
ST7735.c(229): warning:  #174-D: expression has no effect
ST7735.c(229): warning:  #174-D: expression has no effect
ST7735.c(229): warning:  #174-D: expression has no effect
ST7735.c(229): warning:  #174-D: expression has no effect
ST7735.c(229): warning:  #174-D: expression has no effect
ST7735.c(229): warning:  #174-D: expression has no effect
ST7735.c(229): warning:  #174-D: expression has no effect
ST7735.c(229): warning:  #174-D: expression has no effect
ST7735.c(229): warning:  #174-D: expression has no effect
ST7735.c(229): warning:  #174-D: expression has no effect
ST7735.c(229): warning:  #174-D: expression has no effect
ST7735.c(229): warning:  #174-D: expression has no effect
ST7735.c(229): warning:  #174-D: expression has no effect
ST7735.c(229): warning:  #174-D: expression has no effect
ST7735.c(229): warning:  #174-D: expression has no effect
ST7735.c(229): warning:  #174-D: expression has no effect
ST7735.c(229): warning:  #174-D: expression has no effect
ST7735.c(229): warning:  #174-D: expression has no effect
ST7735.c(229): warning:  #174-D: expression has no effect
ST7735.c(229): warning:  #174-D: expression has no effect
ST7735.c(229): warning:  #174-D: expression has no effect
ST7735.c(229): warning:  #174-D: expression has no effect
ST7735.c(229): warning:  #174-D: expression has no effect
ST7735.c(229): warning:  #174-D: expression has no effect
ST7735.c(229): warning:  #174-D: expression has no effect
ST7735.c(229): warning:  #174-D: expression has no effect
ST7735.c(229): warning:  #174-D: expression has no effect
ST7735.c(229): warning:  #174-D: expression has no effect
ST7735.c(229): warning:  #174-D: expression has no effect
ST7735.c(229): warning:  #174-D: expression has no effect
ST7735.c(229): warning:  #174-D: expression has no effect
ST7735.c(229): warning:  #174-D: expression has no effect
ST7735.c(229): warning:  #174-D: expression has no effect
ST7735.c(229): warning:  #174-D: expression has no effect
ST7735.c(229): warning:  #174-D: expression has no effect
ST7735.c(229): warning:  #174-D: expression has no effect
ST7735.c(229): warning:  #174-D: expression has no effect
ST7735.c(229): warning:  #174-D: expression has no effect
ST7735.c(229): warning:  #174-D: expression has no effect
ST7735.c(229): warning:  #174-D: expression has no effect
ST7735.c(229): warning:  #174-D: expression has no effect
ST7735.c(229): warning:  #174-D: expression has no effect
ST7735.c(229): warning:  #174-D: expression has no effect
ST7735.c(229): warning:  #174-D: expression has no effect
ST7735.c(229): warning:  #174-D: expression has no effect
ST7735.c(229): warning:  #174-D: expression has no effect
ST7735.c(229): warning:  #174-D: expression has no effect
ST7735.c(229): warning:  #174-D: expression has no effect
ST7735.c(229): warning:  #174-D: expression has no effect
ST7735.c(229): warning:  #174-D: expression has no effect
ST7735.c(229): warning:  #174-D: expression has no effect
ST7735.c(229): warning:  #174-D: expression has no effect
ST7735.c(229): warning:  #174-D: expression has no effect
ST7735.c(229): warning:  #174-D: expression has no effect
ST7735.c(229): warning:  #174-D: expression has no effect
ST7735.c(229): warning:  #174-D: expression has no effect
ST7735.c(229): warning:  #174-D: expression has no effect
ST7735.c(229): warning:  #174-D: expression has no effect
ST7735.c(229): warning:  #174-D: expression has no effect
ST7735.c(229): warning:  #174-D: expression has no effect
ST7735.c(229): warning:  #174-D: expression has no effect
ST7735.c(229): warning:  #174-D: expression has no effect
ST7735.c(229): warning:  #174-D: expression has no effect
ST7735.c(229): warning:  #174-D: expression has no effect
ST7735.c(229): warning:  #174-D: expression has no effect
ST7735.c(229): warning:  #174-D: expression has no effect
ST7735.c(229): warning:  #174-D: expression has no effect
ST7735.c(229): warning:  #174-D: expression has no effect
ST7735.c(229): warning:  #174-D: expression has no effect
ST7735.c(229): warning:  #174-D: expression has no effect
ST7735.c(229): warning:  #174-D: expression has no effect
ST7735.c(229): warning:  #174-D: expression has no effect
ST7735.c(229): warning:  #174-D: expression has no effect
ST7735.c(229): warning:  #174-D: expression has no effect
ST7735.c(229): warning:  #174-D: expression has no effect
ST7735.c(229): warning:  #174-D: expression has no effect
ST7735.c(229): warning:  #174-D: expression has no effect
ST7735.c(229): warning:  #174-D: expression has no effect
ST7735.c(229): warning:  #174-D: expression has no effect
ST7735.c(229): warning:  #174-D: expression has no effect
ST7735.c(229): warning:  #174-D: expression has no effect
ST7735.c(229): warning:  #174-D: expression has no effect
ST7735.c(229): warning:  #174-D: expression has no effect
ST7735.c(229): warning:  #174-D: expression has no effect
ST7735.c(229): warning:  #174-D: expression has no effect
ST7735.c(229): warning:  #174-D: expression has no effect
ST7735.c(229): warning:  #174-D: expression has no effect
ST7735.c(229): warning:  #174-D: expression has no effect
ST7735.c(229): warning:  #174-D: expression has no effect
ST7735.c(229): warning:  #174-D: expression has no effect
ST7735.c(229): warning:  #174-D: expression has no effect
ST7735.c(229): warning:  #174-D: expression has no effect
ST7735.c(229): warning:  #174-D: expression has no effect
ST7735.c(229): warning:  #174-D: expression has no effect
ST7735.c(229): warning:  #174-D: expression has no effect
ST7735.c(229): warning:  #174-D: expression has no effect
ST7735.c(229): warning:  #174-D: expression has no effect
ST7735.c(229): warning:  #174-D: expression has no effect
ST7735.c(229): warning:  #174-D: expression has no effect
ST7735.c(229): warning:  #174-D: expression has no effect
ST7735.c(229): warning:  #174-D: expression has no effect
ST7735.c(229): warning:  #174-D: expression has no effect
ST7735.c(229): warning:  #174-D: expression has no effect
ST7735.c(229): warning:  #174-D: expression has no effect
ST7735.c(229): warning:  #174-D: expression has no effect
ST7735.c(229): warning:  #174-D: expression has no effect
ST7735.c(229): warning:  #174-D: expression has no effect
ST7735.c(229): warning:  #174-D: expression has no effect
ST7735.c(229): warning:  #174-D: expression has no effect
ST7735.c(229): warning:  #174-D: expression has no effect
ST7735.c(229): warning:  #174-D: expression has no effect
ST7735.c(229): warning:  #174-D: expression has no effect
ST7735.c(229): warning:  #174-D: expression has no effect
ST7735.c(229): warning:  #174-D: expression has no effect
ST7735.c(229): warning:  #174-D: expression has no effect
ST7735.c(229): warning:  #174-D: expression has no effect
ST7735.c(229): warning:  #174-D: expression has no effect
ST7735.c(229): warning:  #174-D: expression has no effect
ST7735.c(229): warning:  #174-D: expression has no effect
ST7735.c(229): warning:  #174-D: expression has no effect
ST7735.c(229): warning:  #174-D: expression has no effect
ST7735.c(229): warning:  #174-D: expression has no effect
ST7735.c(229): warning:  #174-D: expression has no effect
ST7735.c(229): warning:  #174-D: expression has no effect
ST7735.c(229): warning:  #174-D: expression has no effect
ST7735.c(229): warning:  #174-D: expression has no effect
ST7735.c(229): warning:  #174-D: expression has no effect
ST7735.c(229): warning:  #174-D: expression has no effect
ST7735.c(229): warning:  #174-D: expression has no effect
ST7735.c(229): warning:  #174-D: expression has no effect
ST7735.c(229): warning:  #174-D: expression has no effect
ST7735.c(229): warning:  #174-D: expression has no effect
ST7735.c(229): warning:  #174-D: expression has no effect
ST7735.c(229): warning:  #174-D: expression has no effect
ST7735.c(229): warning:  #174-D: expression has no effect
ST7735.c(229): warning:  #174-D: expression has no effect
ST7735.c(229): warning:  #174-D: expression has no effect
ST7735.c(229): warning:  #174-D: expression has no effect
ST7735.c(229): warning:  #174-D: expression has no effect
ST7735.c(229): warning:  #174-D: expression has no effect
ST7735.c(229): warning:  #174-D: expression has no effect
ST7735.c(229): warning:  #174-D: expression has no effect
ST7735.c(229): warning:  #174-D: expression has no effect
ST7735.c(229): warning:  #174-D: expression has no effect
ST7735.c(229): warning:  #174-D: expression has no effect
ST7735.c(229): warning:  #174-D: expression has no effect
ST7735.c(229): warning:  #174-D: expression has no effect
ST7735.c(229): warning:  #174-D: expression has no effect
ST7735.c(229): warning:  #174-D: expression has no effect
ST7735.c(229): warning:  #174-D: expression has no effect
ST7735.c(229): warning:  #174-D: expression has no effect
ST7735.c(229): warning:  #174-D: expression has no effect
ST7735.c(229): warning:  #174-D: expression has no effect
ST7735.c(229): warning:  #174-D: expression has no effect
ST7735.c(229): warning:  #174-D: expression has no effect
ST7735.c(229): warning:  #174-D: expression has no effect
ST7735.c(229): warning:  #174-D: expression has no effect
ST7735.c(229): warning:  #174-D: expression has no effect
ST7735.c(229): warning:  #174-D: expression has no effect
ST7735.c(229): warning:  #174-D: expression has no effect
ST7735.c(229): warning:  #174-D: expression has no effect
ST7735.c(229): warning:  #174-D: expression has no effect
ST7735.c(229): warning:  #174-D: expression has no effect
ST7735.c(229): warning:  #174-D: expression has no effect
ST7735.c(229): warning:  #174-D: expression has no effect
ST7735.c(229): warning:  #174-D: expression has no effect
ST7735.c(229): warning:  #174-D: expression has no effect
ST7735.c(229): warning:  #174-D: expression has no effect
ST7735.c(229): warning:  #174-D: expression has no effect
ST7735.c(229): warning:  #174-D: expression has no effect
ST7735.c(229): warning:  #174-D: expression has no effect
ST7735.c(229): warning:  #174-D: expression has no effect
ST7735.c(229): warning:  #174-D: expression has no effect
ST7735.c(229): warning:  #174-D: expression has no effect
ST7735.c(229): warning:  #174-D: expression has no effect
ST7735.c(229): warning:  #174-D: expression has no effect
ST7735.c(229): warning:  #174-D: expression has no effect
ST7735.c(229): warning:  #174-D: expression has no effect
ST7735.c(229): warning:  #174-D: expression has no effect
ST7735.c(229): warning:  #174-D: expression has no effect
ST7735.c(229): warning:  #174-D: expression has no effect
ST7735.c(229): warning:  #174-D: expression has no effect
ST7735.c(229): warning:  #174-D: expression has no effect
ST7735.c(229): warning:  #174-D: expression has no effect
ST7735.c(229): warning:  #174-D: expression has no effect
ST7735.c(229): warning:  #174-D: expression has no effect
ST7735.c(229): warning:  #174-D: expression has no effect
ST7735.c(229): warning:  #174-D: expression has no effect
ST7735.c(229): warning:  #174-D: expression has no effect
ST7735.c(229): warning:  #174-D: expression has no effect
ST7735.c(229): warning:  #174-D: expression has no effect
ST7735.c(229): warning:  #174-D: expression has no effect
ST7735.c(229): warning:  #174-D: expression has no effect
ST7735.c(229): warning:  #174-D: expression has no effect
ST7735.c(229): warning:  #174-D: expression has no effect
ST7735.c(229): warning:  #174-D: expression has no effect
ST7735.c(229): warning:  #174-D: expression has no effect
ST7735.c(229): warning:  #174-D: expression has no effect
ST7735.c(229): warning:  #174-D: expression has no effect
ST7735.c(229): warning:  #174-D: expression has no effect
ST7735.c(229): warning:  #174-D: expression has no effect
ST7735.c(229): warning:  #174-D: expression has no effect
ST7735.c(229): warning:  #174-D: expression has no effect
ST7735.c(229): warning:  #174-D: expression has no effect
ST7735.c(229): warning:  #174-D: expression has no effect
ST7735.c(229): warning:  #174-D: expression has no effect
ST7735.c(229): warning:  #174-D: expression has no effect
ST7735.c(229): warning:  #174-D: expression has no effect
ST7735.c(229): warning:  #174-D: expression has no effect
ST7735.c(229): warning:  #174-D: expression has no effect
ST7735.c(229): warning:  #174-D: expression has no effect
ST7735.c(229): warning:  #174-D: expression has no effect
ST7735.c(229): warning:  #174-D: expression has no effect
ST7735.c(229): warning:  #174-D: expression has no effect
ST7735.c(229): warning:  #174-D: expression has no effect
ST7735.c(229): warning:  #174-D: expression has no effect
ST7735.c(229): warning:  #174-D: expression has no effect
ST7735.c(229): warning:  #174-D: expression has no effect
ST7735.c(229): warning:  #174-D: expression has no effect
ST7735.c(229): warning:  #174-D: expression has no effect
ST7735.c(229): warning:  #174-D: expression has no effect
ST7735.c(229): warning:  #174-D: expression has no effect
ST7735.c(229): warning:  #174-D: expression has no effect
ST7735.c(229): warning:  #174-D: expression has no effect
ST7735.c(229): warning:  #174-D: expression has no effect
ST7735.c(229): warning:  #174-D: expression has no effect
ST7735.c(229): warning:  #174-D: expression has no effect
ST7735.c(229): warning:  #174-D: expression has no effect
ST7735.c(229): warning:  #174-D: expression has no effect
ST7735.c(229): warning:  #174-D: expression has no effect
ST7735.c(229): warning:  #174-D: expression has no effect
ST7735.c(229): warning:  #174-D: expression has no effect
ST7735.c(229): warning:  #174-D: expression has no effect
ST7735.c(229): warning:  #174-D: expression has no effect
ST7735.c(229): warning:  #174-D: expression has no effect
ST7735.c(229): warning:  #174-D: expression has no effect
ST7735.c(229): warning:  #174-D: expression has no effect
ST7735.c(229): warning:  #174-D: expression has no effect
ST7735.c(229): warning:  #174-D: expression has no effect
ST7735.c(229): warning:  #174-D: expression has no effect
ST7735.c(229): warning:  #174-D: expression has no effect
ST7735.c(229): warning:  #174-D: expression has no effect
ST7735.c(229): warning:  #174-D: expression has no effect
ST7735.c(229): warning:  #174-D: expression has no effect
ST7735.c(229): warning:  #174-D: expression has no effect
ST7735.c(229): warning:  #174-D: expression has no effect
ST7735.c(229): warning:  #174-D: expression has no effect
ST7735.c(229): warning:  #174-D: expression has no effect
ST7735.c(229): warning:  #174-D: expression has no effect
ST7735.c(229): warning:  #174-D: expression has no effect
ST7735.c(229): warning:  #174-D: expression has no effect
ST7735.c(229): warning:  #174-D: expression has no effect
ST7735.c(229): warning:  #174-D: expression has no effect
ST7735.c(229): warning:  #174-D: expression has no effect
ST7735.c(229): warning:  #174-D: expression has no effect
ST7735.c(229): warning:  #174-D: expression has no effect
ST7735.c(229): warning:  #174-D: expression has no effect
ST7735.c(229): warning:  #174-D: expression has no effect
ST7735.c(229): warning:  #174-D: expression has no effect
ST7735.c(229): warning:  #174-D: expression has no effect
ST7735.c(229): warning:  #174-D: expression has no effect
ST7735.c(229): warning:  #174-D: expression has no effect
ST7735.c(229): warning:  #174-D: expression has no effect
ST7735.c(229): warning:  #174-D: expression has no effect
ST7735.c(229): warning:  #174-D: expression has no effect
ST7735.c(229): warning:  #174-D: expression has no effect
ST7735.c(229): warning:  #174-D: expression has no effect
ST7735.c(229): warning:  #174-D: expression has no effect
ST7735.c(229): warning:  #174-D: expression has no effect
ST7735.c(229): warning:  #174-D: expression has no effect
ST7735.c(229): warning:  #174-D: expression has no effect
ST7735.c(229): warning:  #174-D: expression has no effect
ST7735.c(229): warning:  #174-D: expression has no effect
ST7735.c(229): warning:  #174-D: expression has no effect
ST7735.c(229): warning:  #174-D: expression has no effect
ST7735.c(229): warning:  #174-D: expression has no effect
ST7735.c(229): warning:  #174-D: expression has no effect
ST7735.c(229): warning:  #174-D: expression has no effect
ST7735.c(229): warning:  #174-D: expression has no effect
ST7735.c(229): warning:  #174-D: expression has no effect
ST7735.c(229): warning:  #174-D: expression has no effect
ST7735.c(229): warning:  #174-D: expression has no effect
ST7735.c(229): warning:  #174-D: expression has no effect
ST7735.c(229): warning:  #174-D: expression has no effect
ST7735.c(229): warning:  #174-D: expression has no effect
ST7735.c(229): warning:  #174-D: expression has no effect
ST7735.c(229): warning:  #174-D: expression has no effect
ST7735.c(229): warning:  #174-D: expression has no effect
ST7735.c(229): warning:  #174-D: expression has no effect
ST7735.c(229): warning:  #174-D: expression has no effect
ST7735.c(229): warning:  #174-D: expression has no effect
ST7735.c(229): warning:  #174-D: expression has no effect
ST7735.c(229): warning:  #174-D: expression has no effect
ST7735.c(229): warning:  #174-D: expression has no effect
ST7735.c(229): warning:  #174-D: expression has no effect
ST7735.c(229): warning:  #174-D: expression has no effect
ST7735.c(229): warning:  #174-D: expression has no effect
ST7735.c(229): warning:  #174-D: expression has no effect
ST7735.c(229): warning:  #174-D: expression has no effect
ST7735.c(229): warning:  #174-D: expression has no effect
ST7735.c(229): warning:  #174-D: expression has no effect
ST7735.c(229): warning:  #174-D: expression has no effect
ST7735.c(229): warning:  #174-D: expression has no effect
ST7735.c(229): warning:  #174-D: expression has no effect
ST7735.c(229): warning:  #174-D: expression has no effect
ST7735.c(229): warning:  #174-D: expression has no effect
ST7735.c(229): warning:  #174-D: expression has no effect
ST7735.c(229): warning:  #174-D: expression has no effect
ST7735.c(229): warning:  #174-D: expression has no effect
ST7735.c(229): warning:  #174-D: expression has no effect
ST7735.c(229): warning:  #174-D: expression has no effect
ST7735.c(229): warning:  #174-D: expression has no effect
ST7735.c(229): warning:  #174-D: expression has no effect
ST7735.c(229): warning:  #174-D: expression has no effect
ST7735.c(229): warning:  #174-D: expression has no effect
ST7735.c(229): warning:  #174-D: expression has no effect
ST7735.c(229): warning:  #174-D: expression has no effect
ST7735.c(229): warning:  #174-D: expression has no effect
ST7735.c(229): warning:  #174-D: expression has no effect
ST7735.c(229): warning:  #174-D: expression has no effect
ST7735.c(229): warning:  #174-D: expression has no effect
ST7735.c(229): warning:  #174-D: expression has no effect
ST7735.c(229): warning:  #174-D: expression has no effect
ST7735.c(229): warning:  #174-D: expression has no effect
ST7735.c(229): warning:  #174-D: expression has no effect
ST7735.c(229): warning:  #174-D: expression has no effect
ST7735.c(229): warning:  #174-D: expression has no effect
ST7735.c(229): warning:  #174-D: expression has no effect
ST7735.c(229): warning:  #174-D: expression has no effect
ST7735.c(229): warning:  #174-D: expression has no effect
ST7735.c(229): warning:  #174-D: expression has no effect
ST7735.c(229): warning:  #174-D: expression has no effect
ST7735.c(229): warning:  #174-D: expression has no effect
ST7735.c(229): warning:  #174-D: expression has no effect
ST7735.c(229): warning:  #174-D: expression has no effect
ST7735.c(229): warning:  #174-D: expression has no effect
ST7735.c(229): warning:  #174-D: expression has no effect
ST7735.c(229): warning:  #174-D: expression has no effect
ST7735.c(229): warning:  #174-D: expression has no effect
ST7735.c(229): warning:  #174-D: expression has no effect
ST7735.c(229): warning:  #174-D: expression has no effect
ST7735.c(229): warning:  #174-D: expression has no effect
ST7735.c(229): warning:  #174-D: expression has no effect
ST7735.c(229): warning:  #174-D: expression has no effect
ST7735.c(229): warning:  #174-D: expression has no effect
ST7735.c(229): warning:  #174-D: expression has no effect
ST7735.c(229): warning:  #174-D: expression has no effect
ST7735.c(229): warning:  #174-D: expression has no effect
ST7735.c(229): warning:  #174-D: expression has no effect
ST7735.c(229): warning:  #174-D: expression has no effect
ST7735.c(229): warning:  #174-D: expression has no effect
ST7735.c(229): warning:  #174-D: expression has no effect
ST7735.c(229): warning:  #174-D: expression has no effect
ST7735.c(229): warning:  #174-D: expression has no effect
ST7735.c(229): warning:  #174-D: expression has no effect
ST7735.c(229): warning:  #174-D: expression has no effect
ST7735.c(229): warning:  #174-D: expression has no effect
ST7735.c(229): warning:  #174-D: expression has no effect
ST7735.c(229): warning:  #174-D: expression has no effect
ST7735.c(229): warning:  #174-D: expression has no effect
ST7735.c(229): warning:  #174-D: expression has no effect
ST7735.c(229): warning:  #174-D: expression has no effect
ST7735.c(229): warning:  #174-D: expression has no effect
ST7735.c(229): warning:  #174-D: expression has no effect
ST7735.c(229): warning:  #174-D: expression has no effect
ST7735.c(229): warning:  #174-D: expression has no effect
ST7735.c(229): warning:  #174-D: expression has no effect
ST7735.c(229): warning:  #174-D: expression has no effect
ST7735.c(229): warning:  #174-D: expression has no effect
ST7735.c(229): warning:  #174-D: expression has no effect
ST7735.c(229): warning:  #174-D: expression has no effect
ST7735.c(229): warning:  #174-D: expression has no effect
ST7735.c(229): warning:  #174-D: expression has no effect
ST7735.c(229): warning:  #174-D: expression has no effect
ST7735.c(229): warning:  #174-D: expression has no effect
ST7735.c(229): warning:  #174-D: expression has no effect
ST7735.c(229): warning:  #174-D: expression has no effect
ST7735.c(229): warning:  #174-D: expression has no effect
ST7735.c(229): warning:  #174-D: expression has no effect
ST7735.c(229): warning:  #174-D: expression has no effect
ST7735.c(229): warning:  #174-D: expression has no effect
ST7735.c(229): warning:  #174-D: expression has no effect
ST7735.c(229): warning:  #174-D: expression has no effect
ST7735.c(229): warning:  #174-D: expression has no effect
ST7735.c(229): warning:  #174-D: expression has no effect
ST7735.c(229): warning:  #174-D: expression has no effect
ST7735.c(229): warning:  #174-D: expression has no effect
ST7735.c(229): warning:  #174-D: expression has no effect
ST7735.c(229): warning:  #174-D: expression has no effect
ST7735.c(229): warning:  #174-D: expression has no effect
ST7735.c(229): warning:  #174-D: expression has no effect
ST7735.c(229): warning:  #174-D: expression has no effect
ST7735.c(229): warning:  #174-D: expression has no effect
ST7735.c(229): warning:  #174-D: expression has no effect
ST7735.c(229): warning:  #174-D: expression has no effect
ST7735.c(229): warning:  #174-D: expression has no effect
ST7735.c(229): warning:  #174-D: expression has no effect
ST7735.c(229): warning:  #174-D: expression has no effect
ST7735.c(229): warning:  #174-D: expression has no effect
ST7735.c(229): warning:  #174-D: expression has no effect
ST7735.c(229): warning:  #174-D: expression has no effect
ST7735.c(229): warning:  #174-D: expression has no effect
ST7735.c(229): warning:  #174-D: expression has no effect
ST7735.c(229): warning:  #174-D: expression has no effect
ST7735.c(229): warning:  #174-D: expression has no effect
ST7735.c(229): warning:  #174-D: expression has no effect
ST7735.c(229): warning:  #174-D: expression has no effect
ST7735.c(229): warning:  #174-D: expression has no effect
ST7735.c(229): warning:  #174-D: expression has no effect
ST7735.c(229): warning:  #174-D: expression has no effect
ST7735.c(229): warning:  #174-D: expression has no effect
ST7735.c(229): warning:  #174-D: expression has no effect
ST7735.c(229): warning:  #174-D: expression has no effect
ST7735.c(229): warning:  #174-D: expression has no effect
ST7735.c(229): warning:  #174-D: expression has no effect
ST7735.c(229): warning:  #174-D: expression has no effect
ST7735.c(229): warning:  #174-D: expression has no effect
ST7735.c(229): warning:  #174-D: expression has no effect
ST7735.c(229): warning:  #174-D: expression has no effect
ST7735.c(229): warning:  #174-D: expression has no effect
ST7735.c(229): warning:  #174-D: expression has no effect
ST7735.c(229): warning:  #174-D: expression has no effect
ST7735.c(229): warning:  #174-D: expression has no effect
ST7735.c(229): warning:  #174-D: expression has no effect
ST7735.c(229): warning:  #174-D: expression has no effect
ST7735.c(229): warning:  #174-D: expression has no effect
ST7735.c(229): warning:  #174-D: expression has no effect
ST7735.c(229): warning:  #174-D: expression has no effect
ST7735.c(229): warning:  #174-D: expression has no effect
ST7735.c(229): warning:  #174-D: expression has no effect
ST7735.c(229): warning:  #174-D: expression has no effect
ST7735.c(229): warning:  #174-D: expression has no effect
ST7735.c(229): warning:  #174-D: expression has no effect
ST7735.c(229): warning:  #174-D: expression has no effect
ST7735.c(229): warning:  #174-D: expression has no effect
ST7735.c(229): warning:  #174-D: expression has no effect
ST7735.c(229): warning:  #174-D: expression has no effect
ST7735.c(229): warning:  #174-D: expression has no effect
ST7735.c(229): warning:  #174-D: expression has no effect
ST7735.c(229): warning:  #174-D: expression has no effect
ST7735.c(229): warning:  #174-D: expression has no effect
ST7735.c(229): warning:  #174-D: expression has no effect
ST7735.c(229): warning:  #174-D: expression has no effect
ST7735.c(229): warning:  #174-D: expression has no effect
ST7735.c(229): warning:  #174-D: expression has no effect
ST7735.c(229): warning:  #174-D: expression has no effect
ST7735.c(229): warning:  #174-D: expression has no effect
ST7735.c(229): warning:  #174-D: expression has no effect
ST7735.c(229): warning:  #174-D: expression has no effect
ST7735.c(229): warning:  #174-D: expression has no effect
ST7735.c(229): warning:  #174-D: expression has no effect
ST7735.c(229): warning:  #174-D: expression has no effect
ST7735.c(229): warning:  #174-D: expression has no effect
ST7735.c(229): warning:  #174-D: expression has no effect
ST7735.c(229): warning:  #174-D: expression has no effect
ST7735.c(229): warning:  #174-D: expression has no effect
ST7735.c(229): warning:  #174-D: expression has no effect
ST7735.c(229): warning:  #174-D: expression has no effect
ST7735.c(229): warning:  #174-D: expression has no effect
ST7735.c(229): warning:  #174-D: expression has no effect
ST7735.c(229): warning:  #174-D: expression has no effect
ST7735.c(229): warning:  #174-D: expression has no effect
ST7735.c(229): warning:  #174-D: expression has no effect
ST7735.c(229): warning:  #174-D: expression has no effect
ST7735.c(229): warning:  #174-D: expression has no effect
ST7735.c(229): warning:  #174-D: expression has no effect
ST7735.c(229): warning:  #174-D: expression has no effect
ST7735.c(229): warning:  #174-D: expression has no effect
ST7735.c(229): warning:  #174-D: expression has no effect
ST7735.c(229): warning:  #174-D: expression has no effect
ST7735.c(229): warning:  #174-D: expression has no effect
ST7735.c(229): warning:  #174-D: expression has no effect
ST7735.c(229): warning:  #174-D: expression has no effect
ST7735.c(229): warning:  #174-D: expression has no effect
ST7735.c(229): warning:  #174-D: expression has no effect
ST7735.c(229): warning:  #174-D: expression has no effect
ST7735.c(229): warning:  #174-D: expression has no effect
ST7735.c(229): warning:  #174-D: expression has no effect
ST7735.c(229): warning:  #174-D: expression has no effect
ST7735.c(229): warning:  #174-D: expression has no effect
ST7735.c(229): warning:  #174-D: expression has no effect
ST7735.c(229): warning:  #174-D: expression has no effect
ST7735.c(229): warning:  #174-D: expression has no effect
ST7735.c(229): warning:  #174-D: expression has no effect
ST7735.c(229): warning:  #174-D: expression has no effect
ST7735.c(229): warning:  #174-D: expression has no effect
ST7735.c(229): warning:  #174-D: expression has no effect
ST7735.c(229): warning:  #174-D: expression has no effect
ST7735.c(229): warning:  #174-D: expression has no effect
ST7735.c(229): warning:  #174-D: expression has no effect
ST7735.c(229): warning:  #174-D: expression has no effect
ST7735.c(229): warning:  #174-D: expression has no effect
ST7735.c(229): warning:  #174-D: expression has no effect
ST7735.c(229): warning:  #174-D: expression has no effect
ST7735.c(229): warning:  #174-D: expression has no effect
ST7735.c(229): warning:  #174-D: expression has no effect
ST7735.c(229): warning:  #174-D: expression has no effect
ST7735.c(229): warning:  #174-D: expression has no effect
ST7735.c(229): warning:  #174-D: expression has no effect
ST7735.c(229): warning:  #174-D: expression has no effect
ST7735.c(229): warning:  #174-D: expression has no effect
ST7735.c(229): warning:  #174-D: expression has no effect
ST7735.c(229): warning:  #174-D: expression has no effect
ST7735.c(229): warning:  #174-D: expression has no effect
ST7735.c(229): warning:  #174-D: expression has no effect
ST7735.c(229): warning:  #174-D: expression has no effect
ST7735.c(229): warning:  #174-D: expression has no effect
ST7735.c(229): warning:  #174-D: expression has no effect
ST7735.c(229): warning:  #174-D: expression has no effect
ST7735.c(229): warning:  #174-D: expression has no effect
ST7735.c(229): warning:  #174-D: expression has no effect
ST7735.c(229): warning:  #174-D: expression has no effect
ST7735.c(229): warning:  #174-D: expression has no effect
ST7735.c(229): warning:  #174-D: expression has no effect
ST7735.c(229): warning:  #174-D: expression has no effect
ST7735.c(229): warning:  #174-D: expression has no effect
ST7735.c(229): warning:  #174-D: expression has no effect
ST7735.c(229): warning:  #174-D: expression has no effect
ST7735.c(229): warning:  #174-D: expression has no effect
ST7735.c(229): warning:  #174-D: expression has no effect
ST7735.c(229): warning:  #174-D: expression has no effect
ST7735.c(229): warning:  #174-D: expression has no effect
ST7735.c(229): warning:  #174-D: expression has no effect
ST7735.c(229): warning:  #174-D: expression has no effect
ST7735.c(229): warning:  #174-D: expression has no effect
ST7735.c(229): warning:  #174-D: expression has no effect
ST7735.c(229): warning:  #174-D: expression has no effect
ST7735.c(229): warning:  #174-D: expression has no effect
ST7735.c(229): warning:  #174-D: expression has no effect
ST7735.c(229): warning:  #174-D: expression has no effect
ST7735.c(229): warning:  #174-D: expression has no effect
ST7735.c(229): warning:  #174-D: expression has no effect
ST7735.c(229): warning:  #174-D: expression has no effect
ST7735.c(229): warning:  #174-D: expression has no effect
ST7735.c(229): warning:  #174-D: expression has no effect
ST7735.c(229): warning:  #174-D: expression has no effect
ST7735.c(229): warning:  #174-D: expression has no effect
ST7735.c(229): warning:  #174-D: expression has no effect
ST7735.c(229): warning:  #174-D: expression has no effect
ST7735.c(229): warning:  #174-D: expression has no effect
ST7735.c(229): warning:  #174-D: expression has no effect
ST7735.c(229): warning:  #174-D: expression has no effect
ST7735.c(229): warning:  #174-D: expression has no effect
ST7735.c(229): warning:  #174-D: expression has no effect
ST7735.c(229): warning:  #174-D: expression has no effect
ST7735.c(229): warning:  #174-D: expression has no effect
ST7735.c(229): warning:  #174-D: expression has no effect
ST7735.c(229): warning:  #174-D: expression has no effect
ST7735.c(229): warning:  #174-D: expression has no effect
ST7735.c(229): warning:  #174-D: expression has no effect
ST7735.c(229): warning:  #174-D: expression has no effect
ST7735.c(229): warning:  #174-D: expression has no effect
ST7735.c(229): warning:  #174-D: expression has no effect
ST7735.c(229): warning:  #174-D: expression has no effect
ST7735.c(229): warning:  #174-D: expression has no effect
ST7735.c(229): warning:  #174-D: expression has no effect
ST7735.c(229): warning:  #174-D: expression has no effect
ST7735.c(229): warning:  #174-D: expression has no effect
ST7735.c(229): warning:  #174-D: expression has no effect
ST7735.c(229): warning:  #174-D: expression has no effect
ST7735.c(229): warning:  #174-D: expression has no effect
ST7735.c(229): warning:  #174-D: expression has no effect
ST7735.c(229): warning:  #174-D: expression has no effect
ST7735.c(229): warning:  #174-D: expression has no effect
ST7735.c(229): warning:  #174-D: expression has no effect
ST7735.c(229): warning:  #174-D: expression has no effect
ST7735.c(229): warning:  #174-D: expression has no effect
ST7735.c(229): warning:  #174-D: expression has no effect
ST7735.c(229): warning:  #174-D: expression has no effect
ST7735.c(229): warning:  #174-D: expression has no effect
ST7735.c(229): warning:  #174-D: expression has no effect
ST7735.c(229): warning:  #174-D: expression has no effect
ST7735.c(229): warning:  #174-D: expression has no effect
ST7735.c(229): warning:  #174-D: expression has no effect
ST7735.c(229): warning:  #174-D: expression has no effect
ST7735.c(229): warning:  #174-D: expression has no effect
ST7735.c(229): warning:  #174-D: expression has no effect
ST7735.c(229): warning:  #174-D: expression has no effect
ST7735.c(229): warning:  #174-D: expression has no effect
ST7735.c(229): warning:  #174-D: expression has no effect
ST7735.c(229): warning:  #174-D: expression has no effect
ST7735.c(229): warning:  #174-D: expression has no effect
ST7735.c(229): warning:  #174-D: expression has no effect
ST7735.c(229): warning:  #174-D: expression has no effect
ST7735.c(229): warning:  #174-D: expression has no effect
ST7735.c(229): warning:  #174-D: expression has no effect
ST7735.c(229): warning:  #174-D: expression has no effect
ST7735.c(229): warning:  #174-D: expression has no effect
ST7735.c(229): warning:  #174-D: expression has no effect
ST7735.c(229): warning:  #174-D: expression has no effect
ST7735.c(229): warning:  #174-D: expression has no effect
ST7735.c(229): warning:  #174-D: expression has no effect
ST7735.c(229): warning:  #174-D: expression has no effect
ST7735.c(229): warning:  #174-D: expression has no effect
ST7735.c(229): warning:  #174-D: expression has no effect
ST7735.c(229): warning:  #174-D: expression has no effect
ST7735.c(229): warning:  #174-D: expression has no effect
ST7735.c(229): warning:  #174-D: expression has no effect
ST7735.c(229): warning:  #174-D: expression has no effect
ST7735.c(229): warning:  #174-D: expression has no effect
ST7735.c(229): warning:  #174-D: expression has no effect
ST7735.c(229): warning:  #174-D: expression has no effect
ST7735.c(229): warning:  #174-D: expression has no effect
ST7735.c(229): warning:  #174-D: expression has no effect
ST7735.c(229): warning:  #174-D: expression has no effect
ST7735.c(229): warning:  #174-D: expression has no effect
ST7735.c(229): warning:  #174-D: expression has no effect
ST7735.c(229): warning:  #174-D: expression has no effect
ST7735.c(229): warning:  #174-D: expression has no effect
ST7735.c(229): warning:  #174-D: expression has no effect
ST7735.c(229): warning:  #174-D: expression has no effect
ST7735.c(229): warning:  #174-D: expression has no effect
ST7735.c(229): warning:  #174-D: expression has no effect
ST7735.c(229): warning:  #174-D: expression has no effect
ST7735.c(229): warning:  #174-D: expression has no effect
ST7735.c(229): warning:  #174-D: expression has no effect
ST7735.c(229): warning:  #174-D: expression has no effect
ST7735.c(229): warning:  #174-D: expression has no effect
ST7735.c(229): warning:  #174-D: expression has no effect
ST7735.c(229): warning:  #174-D: expression has no effect
ST7735.c(229): warning:  #174-D: expression has no effect
ST7735.c(229): warning:  #174-D: expression has no effect
ST7735.c(229): warning:  #174-D: expression has no effect
ST7735.c(229): warning:  #174-D: expression has no effect
ST7735.c(229): warning:  #174-D: expression has no effect
ST7735.c(229): warning:  #174-D: expression has no effect
ST7735.c(229): warning:  #174-D: expression has no effect
ST7735.c(229): warning:  #174-D: expression has no effect
ST7735.c(229): warning:  #174-D: expression has no effect
ST7735.c(229): warning:  #174-D: expression has no effect
ST7735.c(229): warning:  #174-D: expression has no effect
ST7735.c(229): warning:  #174-D: expression has no effect
ST7735.c(229): warning:  #174-D: expression has no effect
ST7735.c(229): warning:  #174-D: expression has no effect
ST7735.c(229): warning:  #174-D: expression has no effect
ST7735.c(229): warning:  #174-D: expression has no effect
ST7735.c(229): warning:  #174-D: expression has no effect
ST7735.c(229): warning:  #174-D: expression has no effect
ST7735.c(229): warning:  #174-D: expression has no effect
ST7735.c(229): warning:  #174-D: expression has no effect
ST7735.c(229): warning:  #174-D: expression has no effect
ST7735.c(229): warning:  #174-D: expression has no effect
ST7735.c(229): warning:  #174-D: expression has no effect
ST7735.c(229): warning:  #174-D: expression has no effect
ST7735.c(229): warning:  #174-D: expression has no effect
ST7735.c(229): warning:  #174-D: expression has no effect
ST7735.c(229): warning:  #174-D: expression has no effect
ST7735.c(229): warning:  #174-D: expression has no effect
ST7735.c(229): warning:  #174-D: expression has no effect
ST7735.c(229): warning:  #174-D: expression has no effect
ST7735.c(229): warning:  #174-D: expression has no effect
ST7735.c(229): warning:  #174-D: expression has no effect
ST7735.c(229): warning:  #174-D: expression has no effect
ST7735.c(229): warning:  #174-D: expression has no effect
ST7735.c(229): warning:  #174-D: expression has no effect
ST7735.c(229): warning:  #174-D: expression has no effect
ST7735.c(229): warning:  #174-D: expression has no effect
ST7735.c(229): warning:  #174-D: expression has no effect
ST7735.c(229): warning:  #174-D: expression has no effect
ST7735.c(229): warning:  #174-D: expression has no effect
ST7735.c(229): warning:  #174-D: expression has no effect
ST7735.c(229): warning:  #174-D: expression has no effect
ST7735.c(229): warning:  #174-D: expression has no effect
ST7735.c(229): warning:  #174-D: expression has no effect
ST7735.c(229): warning:  #174-D: expression has no effect
ST7735.c(229): warning:  #174-D: expression has no effect
ST7735.c(229): warning:  #174-D: expression has no effect
ST7735.c(229): warning:  #174-D: expression has no effect
ST7735.c(229): warning:  #174-D: expression has no effect
ST7735.c(229): warning:  #174-D: expression has no effect
ST7735.c(229): warning:  #174-D: expression has no effect
ST7735.c(229): warning:  #174-D: expression has no effect
ST7735.c(229): warning:  #174-D: expression has no effect
ST7735.c(229): warning:  #174-D: expression has no effect
ST7735.c(229): warning:  #174-D: expression has no effect
ST7735.c(229): warning:  #174-D: expression has no effect
ST7735.c(229): warning:  #174-D: expression has no effect
ST7735.c(229): warning:  #174-D: expression has no effect
ST7735.c(229): warning:  #174-D: expression has no effect
ST7735.c(229): warning:  #174-D: expression has no effect
ST7735.c(229): warning:  #174-D: expression has no effect
ST7735.c(229): warning:  #174-D: expression has no effect
ST7735.c(229): warning:  #174-D: expression has no effect
ST7735.c(229): warning:  #174-D: expression has no effect
ST7735.c(229): warning:  #174-D: expression has no effect
ST7735.c(229): warning:  #174-D: expression has no effect
ST7735.c(229): warning:  #174-D: expression has no effect
ST7735.c(229): warning:  #174-D: expression has no effect
ST7735.c(229): warning:  #174-D: expression has no effect
ST7735.c(229): warning:  #174-D: expression has no effect
ST7735.c(229): warning:  #174-D: expression has no effect
ST7735.c(229): warning:  #174-D: expression has no effect
ST7735.c(229): warning:  #174-D: expression has no effect
ST7735.c(229): warning:  #174-D: expression has no effect
ST7735.c(229): warning:  #174-D: expression has no effect
ST7735.c(229): warning:  #174-D: expression has no effect
ST7735.c(229): warning:  #174-D: expression has no effect
ST7735.c(229): warning:  #174-D: expression has no effect
ST7735.c(229): warning:  #174-D: expression has no effect
ST7735.c(229): warning:  #174-D: expression has no effect
ST7735.c(229): warning:  #174-D: expression has no effect
ST7735.c(229): warning:  #174-D: expression has no effect
ST7735.c(229): warning:  #174-D: expression has no effect
ST7735.c(229): warning:  #174-D: expression has no effect
ST7735.c(229): warning:  #174-D: expression has no effect
ST7735.c(229): warning:  #174-D: expression has no effect
ST7735.c(229): warning:  #174-D: expression has no effect
ST7735.c(229): warning:  #174-D: expression has no effect
ST7735.c(229): warning:  #174-D: expression has no effect
ST7735.c(229): warning:  #174-D: expression has no effect
ST7735.c(229): warning:  #174-D: expression has no effect
ST7735.c(229): warning:  #174-D: expression has no effect
ST7735.c(229): warning:  #174-D: expression has no effect
ST7735.c(229): warning:  #174-D: expression has no effect
ST7735.c(229): warning:  #174-D: expression has no effect
ST7735.c(229): warning:  #174-D: expression has no effect
ST7735.c(229): warning:  #174-D: expression has no effect
ST7735.c(229): warning:  #174-D: expression has no effect
ST7735.c(229): warning:  #174-D: expression has no effect
ST7735.c(229): warning:  #174-D: expression has no effect
ST7735.c(229): warning:  #174-D: expression has no effect
ST7735.c(229): warning:  #174-D: expression has no effect
ST7735.c(229): warning:  #174-D: expression has no effect
ST7735.c(229): warning:  #174-D: expression has no effect
ST7735.c(229): warning:  #174-D: expression has no effect
ST7735.c(229): warning:  #174-D: expression has no effect
ST7735.c(229): warning:  #174-D: expression has no effect
ST7735.c(229): warning:  #174-D: expression has no effect
ST7735.c(229): warning:  #174-D: expression has no effect
ST7735.c(229): warning:  #174-D: expression has no effect
ST7735.c(229): warning:  #174-D: expression has no effect
ST7735.c(229): warning:  #174-D: expression has no effect
ST7735.c(229): warning:  #174-D: expression has no effect
ST7735.c(229): warning:  #174-D: expression has no effect
ST7735.c(229): warning:  #174-D: expression has no effect
ST7735.c(229): warning:  #174-D: expression has no effect
ST7735.c(229): warning:  #174-D: expression has no effect
ST7735.c(229): warning:  #174-D: expression has no effect
ST7735.c(229): warning:  #174-D: expression has no effect
ST7735.c(229): warning:  #174-D: expression has no effect
ST7735.c(229): warning:  #174-D: expression has no effect
ST7735.c(229): warning:  #174-D: expression has no effect
ST7735.c(229): warning:  #174-D: expression has no effect
ST7735.c(229): warning:  #174-D: expression has no effect
ST7735.c(229): warning:  #174-D: expression has no effect
ST7735.c(229): warning:  #174-D: expression has no effect
ST7735.c(229): warning:  #174-D: expression has no effect
ST7735.c(229): warning:  #174-D: expression has no effect
ST7735.c(229): warning:  #174-D: expression has no effect
ST7735.c(229): warning:  #174-D: expression has no effect
ST7735.c(229): warning:  #174-D: expression has no effect
ST7735.c(229): warning:  #174-D: expression has no effect
ST7735.c(229): warning:  #174-D: expression has no effect
ST7735.c(229): warning:  #174-D: expression has no effect
ST7735.c(229): warning:  #174-D: expression has no effect
ST7735.c(229): warning:  #174-D: expression has no effect
ST7735.c(229): warning:  #174-D: expression has no effect
ST7735.c(229): warning:  #174-D: expression has no effect
ST7735.c(229): warning:  #174-D: expression has no effect
ST7735.c(229): warning:  #174-D: expression has no effect
ST7735.c(229): warning:  #174-D: expression has no effect
ST7735.c(229): warning:  #174-D: expression has no effect
ST7735.c(229): warning:  #174-D: expression has no effect
ST7735.c(229): warning:  #174-D: expression has no effect
ST7735.c(229): warning:  #174-D: expression has no effect
ST7735.c(229): warning:  #174-D: expression has no effect
ST7735.c(229): warning:  #174-D: expression has no effect
ST7735.c(229): warning:  #174-D: expression has no effect
ST7735.c(229): warning:  #174-D: expression has no effect
ST7735.c(229): warning:  #174-D: expression has no effect
ST7735.c(229): warning:  #174-D: expression has no effect
ST7735.c(229): warning:  #174-D: expression has no effect
ST7735.c(229): warning:  #174-D: expression has no effect
ST7735.c(229): warning:  #174-D: expression has no effect
ST7735.c(229): warning:  #174-D: expression has no effect
ST7735.c(229): warning:  #174-D: expression has no effect
ST7735.c(229): warning:  #174-D: expression has no effect
ST7735.c(229): warning:  #174-D: expression has no effect
ST7735.c(229): warning:  #174-D: expression has no effect
ST7735.c(229): warning:  #174-D: expression has no effect
ST7735.c(229): warning:  #174-D: expression has no effect
ST7735.c(229): warning:  #174-D: expression has no effect
ST7735.c(229): warning:  #174-D: expression has no effect
ST7735.c(229): warning:  #174-D: expression has no effect
ST7735.c(229): warning:  #174-D: expression has no effect
ST7735.c(229): warning:  #174-D: expression has no effect
ST7735.c(229): warning:  #174-D: expression has no effect
ST7735.c(229): warning:  #174-D: expression has no effect
ST7735.c(229): warning:  #174-D: expression has no effect
ST7735.c(229): warning:  #174-D: expression has no effect
ST7735.c(229): warning:  #174-D: expression has no effect
ST7735.c(229): warning:  #174-D: expression has no effect
ST7735.c(229): warning:  #174-D: expression has no effect
ST7735.c(229): warning:  #174-D: expression has no effect
ST7735.c(229): warning:  #174-D: expression has no effect
ST7735.c(229): warning:  #174-D: expression has no effect
ST7735.c(229): warning:  #174-D: expression has no effect
ST7735.c(229): warning:  #174-D: expression has no effect
ST7735.c(229): warning:  #174-D: expression has no effect
ST7735.c(229): warning:  #174-D: expression has no effect
ST7735.c(229): warning:  #174-D: expression has no effect
ST7735.c(229): warning:  #174-D: expression has no effect
ST7735.c(229): warning:  #174-D: expression has no effect
ST7735.c(229): warning:  #174-D: expression has no effect
ST7735.c(229): warning:  #174-D: expression has no effect
ST7735.c(229): warning:  #174-D: expression has no effect
ST7735.c(229): warning:  #174-D: expression has no effect
ST7735.c(229): warning:  #174-D: expression has no effect
ST7735.c(484): error:  #29: expected an expression
  };
ST7735.c(229): warning:  #174-D: expression has no effect
ST7735.c(484): error:  #65: expected a ";"
  };
ST7735.c(484): warning:  #940-D: missing return statement at end of non-void function "fputc"
  };
ST7735.c(766): error:  #20: identifier "StTextColor" is undefined
    StTextColor = ST7735_YELLOW;
ST7735.c(794): error:  #20: identifier "StTextColor" is undefined
    StTextColor = ST7735_YELLOW;
ST7735.c(1056): error:  #20: identifier "Font" is undefined
        line = Font[(c*5)+i];
ST7735.c(1108): error:  #20: identifier "Font" is undefined
          if(Font[(c*5)+col]&line){
ST7735.c(1180): error:  #20: identifier "StX" is undefined
    StX = newX;
ST7735.c(1181): error:  #20: identifier "StY" is undefined
    StY = newY;
ST7735.c(1194): error:  #20: identifier "StX" is undefined
    ST7735_DrawString(StX,StY,Message,StTextColor);
ST7735.c(1194): error:  #20: identifier "StY" is undefined
    ST7735_DrawString(StX,StY,Message,StTextColor);
ST7735.c(1194): error:  #20: identifier "StTextColor" is undefined
    ST7735_DrawString(StX,StY,Message,StTextColor);
ST7735.c(1530): error:  #20: identifier "StY" is undefined
      StY++; StX=0;
ST7735.c(1530): error:  #20: identifier "StX" is undefined
      StY++; StX=0;
ST7735.c(1534): error:  #20: identifier "StTextColor" is undefined
      ST7735_DrawString(0,StY,"                     ",StTextColor);
ST7735.c(1537): error:  #20: identifier "StX" is undefined
    ST7735_DrawCharS(StX*6,StY*10,ch,ST7735_YELLOW,ST7735_BLACK, 1);
ST7735.c(1537): error:  #20: identifier "StY" is undefined
    ST7735_DrawCharS(StX*6,StY*10,ch,ST7735_YELLOW,ST7735_BLACK, 1);
ST7735.c(1565): error:  #20: identifier "StTextColor" is undefined
    StTextColor = color;
ST7735.c(1568): error:  #247: function "fputc" has already been defined
  int fputc(int ch, FILE *f){
ST7735.c: 1277 warnings, 19 errors
compiling fixed.c...
ST7735.h(458): error:  #20: identifier "FILE" is undefined
  int fputc(int ch, FILE *f)
fixed.h(9): error:  #130: expected a "{"
  int fputc( int * 
fixed.c(8): warning:  #12-D: parsing restarts here after previous syntax error
  void ST7735_sDecOut3(int32_t n) {
fixed.c(9): error:  #20: identifier "n" is undefined
        if (n < -9999 || n > 9999) {
fixed.c(38): warning:  #940-D: missing return statement at end of non-void function "fputc"
  }
fixed.c: 2 warnings, 3 errors
compiling Lab1.c...
PLL.h(30): error:  #130: expected a "{"
  void PLL_Init(uint32_t freq);
Lab1.c(31): warning:  #12-D: parsing restarts here after previous syntax error
  struct outTestCase1{    // used to test routines
Lab1.c(34): warning:  #940-D: missing return statement at end of non-void function "fputc"
  };
Lab1.c(32): warning:  #177-D: variable "InNumber" was declared but never referenced
    int32_t InNumber;     // test input number
Lab1.c(33): warning:  #177-D: variable "OutBuffer" was declared but never referenced
    char OutBuffer[12];   // Output String  
Lab1.c(36): error:  #70: incomplete type is not allowed
  outTestCaseType1 outTests1[13]={ 
Lab1.c(81): warning:  #223-D: function "DelayWait10ms" declared implicitly
      DelayWait10ms(10);
Lab1.c(84): warning:  #223-D: function "DelayWait10ms" declared implicitly
      DelayWait10ms(10);
Lab1.c(99): warning:  #223-D: function "PortF_Init" declared implicitly
    PortF_Init();
Lab1.c(106): warning:  #223-D: function "ST7735_sDecOut3" declared implicitly
        ST7735_sDecOut3(outTests1[i].InNumber);  // your solution
Lab1.c(115): warning:  #223-D: function "ST7735_uBinOut8" declared implicitly
        ST7735_uBinOut8(outTests2[i].InNumber);  // your solution
Lab1.c(132): error:  #159: declaration is incompatible with previous "PortF_Init" (declared at line 99)
  void PortF_Init(void){ 
Lab1.c(148): warning:  #223-D: function "DelayWait10ms" declared implicitly
      DelayWait10ms(1);
Lab1.c(155): warning:  #223-D: function "DelayWait10ms" declared implicitly
      DelayWait10ms(100);
Lab1.c(164): error:  #159: declaration is incompatible with previous "DelayWait10ms" (declared at line 81)
  void DelayWait10ms(uint32_t n){uint32_t volatile time;
Lab1.c: 11 warnings, 4 errors
compiling PLL.c...
".\Lab1.axf" - 26 Error(s), 1290 Warning(s).
Target not created
